// Jest Snapshot v1, https://goo.gl/fbAQLP

exports[`SegmentedButton should match standard snapshot 1`] = `
<scale-segmented-button segmented-button-id="segmented-button-0">
  <mock:shadow-root>
    <button aria-description="deselected" class="segmented-button segmented-button--small" id="segmented-button-0" part="segmented-button small" type="button">
      <div class="segmented-button--mask">
        <div class="success-icon-container">
          <scale-icon-action-success accessibility-title="success" class="scale-icon-action-success" selected="" size="14"></scale-icon-action-success>
        </div>
        <div class="icon-container">
          <slot name="segmented-button-icon"></slot>
        </div>
        <slot></slot>
      </div>
    </button>
  </mock:shadow-root>
  Label
</scale-segmented-button>
`;
