// Jest Snapshot v1, https://goo.gl/fbAQLP

exports[`Segment should match standard snapshot 1`] = `
<scale-segment segment-id="segment-0">
  <mock:shadow-root>
    <li class="segment--list-item" role="option">
      <button aria-pressed="false" class="segment segment--small" id="segment-0" part="segment small" type="button">
        <div class="segment--mask">
          <div class="success-icon-container">
            <scale-icon-action-checkmark aria-hidden="true" class="scale-icon-action-checkmark" selected="" size="14"></scale-icon-action-checkmark>
          </div>
          <div class="icon-container">
            <slot name="segment-icon"></slot>
          </div>
          <div class="text-container">
            <slot></slot>
          </div>
        </div>
      </button>
    </li>
  </mock:shadow-root>
  Label
</scale-segment>
`;
